---
source: tests/cli_insta.rs
info:
  program: sem-tool
  args:
    - compare
    - "--help"
---
success: true
exit_code: 0
----- stdout -----
Compare 2 Semantic Versions.

Results are provided in the form "A is {Greater,Equals,Less} {to,than} B", with both Semantic results (meaningful results under Semantic Versioning), as well as Lexical results (meaningless, but handy for sorting text lists).

Without enabling `--set_exit_status`, the exit status is generally meaningless, other than confirming that the arguments were valid.

Usage: sem-tool compare [OPTIONS] <A> <B>

Arguments:
  <A>
          The base version used for comparison

  <B>
          The version we are comparing against

Options:
  -e, --set-exit-status
          If you want some slightly complex exit status codes for this dual compare, you can turn them on with this flag.
          
          When both Semantic and Lexical comparisons are Equal, the command will end with an exit status of 0 (Success).
          
          All other outcomes, are returned with an exit status of the form: 1XY [between 100-122].
          
          - With X being (0 if Less, 1 if Equal, 2 if Greater) on the Semantic Compare
          
          - With Y being (0 if Less, 1 if Equal, 2 if Greater) on the Lexical Compare
          
          The non-0 exit status codes, should be considered UNSTABLE, because something better can probably be figured out.

  -s, --semantic-exit-status
          Always exit with success when Semantic Versions are Equal.
          
          Mostly impacts the output when the flag `set_exit_status` is set.

  -h, --help
          Print help (see a summary with '-h')

----- stderr -----
